14:28:09 **** Build of configuration Debug for project USB_Device ****
make -j8 all 
arm-none-eabi-gcc -mcpu=cortex-m4 -g3 -c -x assembler-with-cpp -MMD -MP -MF"Startup/startup_stm32f429zitx.d" -MT"Startup/startup_stm32f429zitx.o" --specs=nano.specs -mfpu=fpv4-sp-d16 -mfloat-abi=hard -mthumb -o "Startup/startup_stm32f429zitx.o" "../Startup/startup_stm32f429zitx.s"
arm-none-eabi-gcc "../Src/Helpers/logger.c" -mcpu=cortex-m4 -std=gnu11 -g3 -DSTM32F429I_DISC1 -DSTM32 -DSTM32F429ZITx -DSTM32F4 -DDEBUG -DSTM32F429xx -c -I../Inc -I"/mnt/Qdata/workdir/STM-workdir/USB-Behind-the-Scenes-main/USB_Device_Firmware/Inc/CMSIS/Include" -I"/mnt/Qdata/workdir/STM-workdir/USB-Behind-the-Scenes-main/USB_Device_Firmware/Inc/CMSIS/Device/ST/STM32F4xx/Include" -O0 -ffunction-sections -fdata-sections -Wall -fstack-usage -fcyclomatic-complexity -MMD -MP -MF"Src/Helpers/logger.d" -MT"Src/Helpers/logger.o" --specs=nano.specs -mfpu=fpv4-sp-d16 -mfloat-abi=hard -mthumb -o "Src/Helpers/logger.o"
arm-none-eabi-gcc "../Src/main.c" -mcpu=cortex-m4 -std=gnu11 -g3 -DSTM32F429I_DISC1 -DSTM32 -DSTM32F429ZITx -DSTM32F4 -DDEBUG -DSTM32F429xx -c -I../Inc -I"/mnt/Qdata/workdir/STM-workdir/USB-Behind-the-Scenes-main/USB_Device_Firmware/Inc/CMSIS/Include" -I"/mnt/Qdata/workdir/STM-workdir/USB-Behind-the-Scenes-main/USB_Device_Firmware/Inc/CMSIS/Device/ST/STM32F4xx/Include" -O0 -ffunction-sections -fdata-sections -Wall -fstack-usage -fcyclomatic-complexity -MMD -MP -MF"Src/main.d" -MT"Src/main.o" --specs=nano.specs -mfpu=fpv4-sp-d16 -mfloat-abi=hard -mthumb -o "Src/main.o"
arm-none-eabi-gcc "../Src/systeminit.c" -mcpu=cortex-m4 -std=gnu11 -g3 -DSTM32F429I_DISC1 -DSTM32 -DSTM32F429ZITx -DSTM32F4 -DDEBUG -DSTM32F429xx -c -I../Inc -I"/mnt/Qdata/workdir/STM-workdir/USB-Behind-the-Scenes-main/USB_Device_Firmware/Inc/CMSIS/Include" -I"/mnt/Qdata/workdir/STM-workdir/USB-Behind-the-Scenes-main/USB_Device_Firmware/Inc/CMSIS/Device/ST/STM32F4xx/Include" -O0 -ffunction-sections -fdata-sections -Wall -fstack-usage -fcyclomatic-complexity -MMD -MP -MF"Src/systeminit.d" -MT"Src/systeminit.o" --specs=nano.specs -mfpu=fpv4-sp-d16 -mfloat-abi=hard -mthumb -o "Src/systeminit.o"
arm-none-eabi-gcc "../Src/usbd_driver.c" -mcpu=cortex-m4 -std=gnu11 -g3 -DSTM32F429I_DISC1 -DSTM32 -DSTM32F429ZITx -DSTM32F4 -DDEBUG -DSTM32F429xx -c -I../Inc -I"/mnt/Qdata/workdir/STM-workdir/USB-Behind-the-Scenes-main/USB_Device_Firmware/Inc/CMSIS/Include" -I"/mnt/Qdata/workdir/STM-workdir/USB-Behind-the-Scenes-main/USB_Device_Firmware/Inc/CMSIS/Device/ST/STM32F4xx/Include" -O0 -ffunction-sections -fdata-sections -Wall -fstack-usage -fcyclomatic-complexity -MMD -MP -MF"Src/usbd_driver.d" -MT"Src/usbd_driver.o" --specs=nano.specs -mfpu=fpv4-sp-d16 -mfloat-abi=hard -mthumb -o "Src/usbd_driver.o"
arm-none-eabi-gcc "../Src/usbd_framework.c" -mcpu=cortex-m4 -std=gnu11 -g3 -DSTM32F429I_DISC1 -DSTM32 -DSTM32F429ZITx -DSTM32F4 -DDEBUG -DSTM32F429xx -c -I../Inc -I"/mnt/Qdata/workdir/STM-workdir/USB-Behind-the-Scenes-main/USB_Device_Firmware/Inc/CMSIS/Include" -I"/mnt/Qdata/workdir/STM-workdir/USB-Behind-the-Scenes-main/USB_Device_Firmware/Inc/CMSIS/Device/ST/STM32F4xx/Include" -O0 -ffunction-sections -fdata-sections -Wall -fstack-usage -fcyclomatic-complexity -MMD -MP -MF"Src/usbd_framework.d" -MT"Src/usbd_framework.o" --specs=nano.specs -mfpu=fpv4-sp-d16 -mfloat-abi=hard -mthumb -o "Src/usbd_framework.o"
../Src/usbd_driver.c: In function 'read_packet':
../Src/usbd_driver.c:99:26: warning: initialization discards 'volatile' qualifier from pointer target type [-Wdiscarded-qualifiers]
   99 |         uint32_t *fifo = FIFO(0);
      |                          ^~~~
../Src/usbd_driver.c: In function 'write_packet':
../Src/usbd_driver.c:129:26: warning: initialization discards 'volatile' qualifier from pointer target type [-Wdiscarded-qualifiers]
  129 |         uint32_t *fifo = FIFO(endpoint_number);
      |                          ^~~~
../Src/usbd_framework.c: In function 'process_control_transfer_stage':
../Src/usbd_framework.c:148:9: warning: enumeration value 'USB_CONTROL_STAGE_DATA_OUT' not handled in switch [-Wswitch]
  148 |         switch(usbd_handle->control_transfer_stage)
      |         ^~~~~~
../Src/usbd_framework.c:148:9: warning: enumeration value 'USB_CONTROL_STAGE_DATA_IN_ZERO' not handled in switch [-Wswitch]
../Src/usbd_driver.c: In function 'usbrst_handler':
../Src/usbd_driver.c:331:9: warning: implicit declaration of function 'log_info' [-Wimplicit-function-declaration]
  331 |         log_info("USB reset signal was detected.");
      |         ^~~~~~~~
../Src/usbd_driver.c: At top level:
../Src/usbd_driver.c:459:24: warning: initialization of 'void (*)(const void *, uint16_t)' {aka 'void (*)(const void *, short unsigned int)'} from incompatible pointer type 'void (*)(void *, uint16_t)' {aka 'void (*)(void *, short unsigned int)'} [-Wincompatible-pointer-types]
  459 |         .read_packet = &read_packet,
      |                        ^
../Src/usbd_driver.c:459:24: note: (near initialization for 'usb_driver.read_packet')
../Src/Helpers/logger.c: In function '_log':
../Src/Helpers/logger.c:35:5: warning: this 'if' clause does not guard... [-Wmisleading-indentation]
   35 |     if (log_level > system_log_level)
      |     ^~
../Src/Helpers/logger.c:38:9: note: ...this statement, but the latter is misleadingly indented as if it were guarded by the 'if'
   38 |         printf("[%s] ", _get_log_level_string(log_level));
      |         ^~~~~~
../Src/Helpers/logger.c: In function 'log_debug_array':
../Src/Helpers/logger.c:74:5: warning: this 'if' clause does not guard... [-Wmisleading-indentation]
   74 |     if (LOG_LEVEL_DEBUG > system_log_level)
      |     ^~
../Src/Helpers/logger.c:77:9: note: ...this statement, but the latter is misleadingly indented as if it were guarded by the 'if'
   77 |         printf("[%s] %s[%d]: {", _get_log_level_string(LOG_LEVEL_DEBUG), label, len);
      |         ^~~~~~
../Src/Helpers/logger.c: In function '_get_log_level_string':
../Src/Helpers/logger.c:31:1: warning: control reaches end of non-void function [-Wreturn-type]
   31 | }
      | ^
arm-none-eabi-gcc -o "USB_Device.elf" @"objects.list"   -mcpu=cortex-m4 -T"/mnt/Qdata/workdir/STM-workdir/USB-Behind-the-Scenes-main/USB_Device_Firmware/STM32F429ZITX_FLASH.ld" --specs=nosys.specs -Wl,-Map="USB_Device.map" -Wl,--gc-sections -static --specs=nano.specs -mfpu=fpv4-sp-d16 -mfloat-abi=hard -mthumb -Wl,--start-group -lc -lm -Wl,--end-group
/opt/st/stm32cubeide_1.19.0/plugins/com.st.stm32cube.ide.mcu.externaltools.gnu-tools-for-stm32.13.3.rel1.linux64_1.0.0.202410170706/tools/bin/../lib/gcc/arm-none-eabi/13.3.1/../../../../arm-none-eabi/bin/ld: /opt/st/stm32cubeide_1.19.0/plugins/com.st.stm32cube.ide.mcu.externaltools.gnu-tools-for-stm32.13.3.rel1.linux64_1.0.0.202410170706/tools/bin/../lib/gcc/arm-none-eabi/13.3.1/../../../../arm-none-eabi/lib/thumb/v7e-m+fp/hard/libc_nano.a(libc_a-closer.o): note: the message above does not take linker garbage collection into account
/opt/st/stm32cubeide_1.19.0/plugins/com.st.stm32cube.ide.mcu.externaltools.gnu-tools-for-stm32.13.3.rel1.linux64_1.0.0.202410170706/tools/bin/../lib/gcc/arm-none-eabi/13.3.1/../../../../arm-none-eabi/bin/ld: /opt/st/stm32cubeide_1.19.0/plugins/com.st.stm32cube.ide.mcu.externaltools.gnu-tools-for-stm32.13.3.rel1.linux64_1.0.0.202410170706/tools/bin/../lib/gcc/arm-none-eabi/13.3.1/../../../../arm-none-eabi/lib/thumb/v7e-m+fp/hard/libc_nano.a(libc_a-closer.o): in function `_close_r':
/opt/st/stm32cubeide_1.19.0/plugins/com.st.stm32cube.ide.mcu.externaltools.gnu-tools-for-stm32.13.3.rel1.linux64_1.0.0.202410170706/tools/bin/../lib/gcc/arm-none-eabi/13.3.1/../../../../arm-none-eabi/bin/ld: /opt/st/stm32cubeide_1.19.0/plugins/com.st.stm32cube.ide.mcu.externaltools.gnu-tools-for-stm32.13.3.rel1.linux64_1.0.0.202410170706/tools/bin/../lib/gcc/arm-none-eabi/13.3.1/../../../../arm-none-eabi/lib/thumb/v7e-m+fp/hard/libc_nano.a(libc_a-fstatr.o): note: the message above does not take linker garbage collection into account
/opt/st/stm32cubeide_1.19.0/plugins/com.st.stm32cube.ide.mcu.externaltools.gnu-tools-for-stm32.13.3.rel1.linux64_1.0.0.202410170706/tools/bin/../lib/gcc/arm-none-eabi/13.3.1/../../../../arm-none-eabi/bin/ld: /opt/st/stm32cubeide_1.19.0/plugins/com.st.stm32cube.ide.mcu.externaltools.gnu-tools-for-stm32.13.3.rel1.linux64_1.0.0.202410170706/tools/bin/../lib/gcc/arm-none-eabi/13.3.1/../../../../arm-none-eabi/lib/thumb/v7e-m+fp/hard/libc_nano.a(libc_a-isattyr.o): note: the message above does not take linker garbage collection into account
(.text._close_r+0xc): warning: _close is not implemented and will always fail
/opt/st/stm32cubeide_1.19.0/plugins/com.st.stm32cube.ide.mcu.externaltools.gnu-tools-for-stm32.13.3.rel1.linux64_1.0.0.202410170706/tools/bin/../lib/gcc/arm-none-eabi/13.3.1/../../../../arm-none-eabi/bin/ld: /opt/st/stm32cubeide_1.19.0/plugins/com.st.stm32cube.ide.mcu.externaltools.gnu-tools-for-stm32.13.3.rel1.linux64_1.0.0.202410170706/tools/bin/../lib/gcc/arm-none-eabi/13.3.1/../../../../arm-none-eabi/lib/thumb/v7e-m+fp/hard/libc_nano.a(libc_a-lseekr.o): note: the message above does not take linker garbage collection into account
/opt/st/stm32cubeide_1.19.0/plugins/com.st.stm32cube.ide.mcu.externaltools.gnu-tools-for-stm32.13.3.rel1.linux64_1.0.0.202410170706/tools/bin/../lib/gcc/arm-none-eabi/13.3.1/../../../../arm-none-eabi/bin/ld: /opt/st/stm32cubeide_1.19.0/plugins/com.st.stm32cube.ide.mcu.externaltools.gnu-tools-for-stm32.13.3.rel1.linux64_1.0.0.202410170706/tools/bin/../lib/gcc/arm-none-eabi/13.3.1/../../../../arm-none-eabi/lib/thumb/v7e-m+fp/hard/libc_nano.a(libc_a-fstatr.o): in function `_fstat_r':
(.text._fstat_r+0xe): warning: _fstat is not implemented and will always fail
/opt/st/stm32cubeide_1.19.0/plugins/com.st.stm32cube.ide.mcu.externaltools.gnu-tools-for-stm32.13.3.rel1.linux64_1.0.0.202410170706/tools/bin/../lib/gcc/arm-none-eabi/13.3.1/../../../../arm-none-eabi/bin/ld: /opt/st/stm32cubeide_1.19.0/plugins/com.st.stm32cube.ide.mcu.externaltools.gnu-tools-for-stm32.13.3.rel1.linux64_1.0.0.202410170706/tools/bin/../lib/gcc/arm-none-eabi/13.3.1/../../../../arm-none-eabi/lib/thumb/v7e-m+fp/hard/libc_nano.a(libc_a-isattyr.o): in function `_isatty_r':
(.text._isatty_r+0xc): warning: _isatty is not implemented and will always fail
/opt/st/stm32cubeide_1.19.0/plugins/com.st.stm32cube.ide.mcu.externaltools.gnu-tools-for-stm32.13.3.rel1.linux64_1.0.0.202410170706/tools/bin/../lib/gcc/arm-none-eabi/13.3.1/../../../../arm-none-eabi/bin/ld: /opt/st/stm32cubeide_1.19.0/plugins/com.st.stm32cube.ide.mcu.externaltools.gnu-tools-for-stm32.13.3.rel1.linux64_1.0.0.202410170706/tools/bin/../lib/gcc/arm-none-eabi/13.3.1/../../../../arm-none-eabi/lib/thumb/v7e-m+fp/hard/libc_nano.a(libc_a-lseekr.o): in function `_lseek_r':
(.text._lseek_r+0x10): warning: _lseek is not implemented and will always fail
/opt/st/stm32cubeide_1.19.0/plugins/com.st.stm32cube.ide.mcu.externaltools.gnu-tools-for-stm32.13.3.rel1.linux64_1.0.0.202410170706/tools/bin/../lib/gcc/arm-none-eabi/13.3.1/../../../../arm-none-eabi/bin/ld: /opt/st/stm32cubeide_1.19.0/plugins/com.st.stm32cube.ide.mcu.externaltools.gnu-tools-for-stm32.13.3.rel1.linux64_1.0.0.202410170706/tools/bin/../lib/gcc/arm-none-eabi/13.3.1/../../../../arm-none-eabi/lib/thumb/v7e-m+fp/hard/libc_nano.a(libc_a-readr.o): in function `_read_r':
(.text._read_r+0x10): warning: _read is not implemented and will always fail
/opt/st/stm32cubeide_1.19.0/plugins/com.st.stm32cube.ide.mcu.externaltools.gnu-tools-for-stm32.13.3.rel1.linux64_1.0.0.202410170706/tools/bin/../lib/gcc/arm-none-eabi/13.3.1/../../../../arm-none-eabi/bin/ld: /opt/st/stm32cubeide_1.19.0/plugins/com.st.stm32cube.ide.mcu.externaltools.gnu-tools-for-stm32.13.3.rel1.linux64_1.0.0.202410170706/tools/bin/../lib/gcc/arm-none-eabi/13.3.1/../../../../arm-none-eabi/lib/thumb/v7e-m+fp/hard/libc_nano.a(libc_a-readr.o): note: the message above does not take linker garbage collection into account
/opt/st/stm32cubeide_1.19.0/plugins/com.st.stm32cube.ide.mcu.externaltools.gnu-tools-for-stm32.13.3.rel1.linux64_1.0.0.202410170706/tools/bin/../lib/gcc/arm-none-eabi/13.3.1/../../../../arm-none-eabi/bin/ld: warning: USB_Device.elf has a LOAD segment with RWX permissions
Finished building target: USB_Device.elf
 
arm-none-eabi-size  USB_Device.elf 
   text	   data	    bss	    dec	    hex	filename
   9940	    128	   1960	  12028	   2efc	USB_Device.elf
arm-none-eabi-objdump -h -S USB_Device.elf  > "USB_Device.list"
Finished building: default.size.stdout
 
Finished building: USB_Device.list
 

14:28:09 Build Failed. 5 errors, 15 warnings. (took 496ms)

